
<!doctype html>
<html lang="en">

<head>
    <title>Code coverage report for components/widgets/__snapshots__/view-external.spec.js.snap</title>
    <meta charset="utf-8" />
    <link rel="stylesheet" href="../../../prettify.css" />
    <link rel="stylesheet" href="../../../base.css" />
    <link rel="shortcut icon" type="image/x-icon" href="../../../favicon.png" />
    <meta name="viewport" content="width=device-width, initial-scale=1" />
    <style type='text/css'>
        .coverage-summary .sorter {
            background-image: url(../../../sort-arrow-sprite.png);
        }
    </style>
</head>
    
<body>
<div class='wrapper'>
    <div class='pad1'>
        <h1><a href="../../../index.html">All files</a> / <a href="index.html">components/widgets/__snapshots__</a> view-external.spec.js.snap</h1>
        <div class='clearfix'>
            
            <div class='fl pad1y space-right2'>
                <span class="strong">0% </span>
                <span class="quiet">Statements</span>
                <span class='fraction'>0/1</span>
            </div>
        
            
            <div class='fl pad1y space-right2'>
                <span class="strong">100% </span>
                <span class="quiet">Branches</span>
                <span class='fraction'>0/0</span>
            </div>
        
            
            <div class='fl pad1y space-right2'>
                <span class="strong">100% </span>
                <span class="quiet">Functions</span>
                <span class='fraction'>0/0</span>
            </div>
        
            
            <div class='fl pad1y space-right2'>
                <span class="strong">0% </span>
                <span class="quiet">Lines</span>
                <span class='fraction'>0/1</span>
            </div>
        
            
        </div>
        <p class="quiet">
            Press <em>n</em> or <em>j</em> to go to the next uncovered block, <em>b</em>, <em>p</em> or <em>k</em> for the previous block.
        </p>
    </div>
    <div class='status-line low'></div>
    <pre><table class="coverage">
<tr><td class="line-count quiet"><a name='L1'></a><a href='#L1'>1</a>
<a name='L2'></a><a href='#L2'>2</a>
<a name='L3'></a><a href='#L3'>3</a>
<a name='L4'></a><a href='#L4'>4</a>
<a name='L5'></a><a href='#L5'>5</a>
<a name='L6'></a><a href='#L6'>6</a>
<a name='L7'></a><a href='#L7'>7</a>
<a name='L8'></a><a href='#L8'>8</a>
<a name='L9'></a><a href='#L9'>9</a>
<a name='L10'></a><a href='#L10'>10</a>
<a name='L11'></a><a href='#L11'>11</a>
<a name='L12'></a><a href='#L12'>12</a>
<a name='L13'></a><a href='#L13'>13</a>
<a name='L14'></a><a href='#L14'>14</a>
<a name='L15'></a><a href='#L15'>15</a>
<a name='L16'></a><a href='#L16'>16</a>
<a name='L17'></a><a href='#L17'>17</a>
<a name='L18'></a><a href='#L18'>18</a>
<a name='L19'></a><a href='#L19'>19</a>
<a name='L20'></a><a href='#L20'>20</a>
<a name='L21'></a><a href='#L21'>21</a>
<a name='L22'></a><a href='#L22'>22</a>
<a name='L23'></a><a href='#L23'>23</a>
<a name='L24'></a><a href='#L24'>24</a>
<a name='L25'></a><a href='#L25'>25</a>
<a name='L26'></a><a href='#L26'>26</a>
<a name='L27'></a><a href='#L27'>27</a></td><td class="line-coverage quiet"><span class="cline-any cline-neutral">&nbsp;</span>
<span class="cline-any cline-neutral">&nbsp;</span>
<span class="cline-any cline-no">&nbsp;</span>
<span class="cline-any cline-neutral">&nbsp;</span>
<span class="cline-any cline-neutral">&nbsp;</span>
<span class="cline-any cline-neutral">&nbsp;</span>
<span class="cline-any cline-neutral">&nbsp;</span>
<span class="cline-any cline-neutral">&nbsp;</span>
<span class="cline-any cline-neutral">&nbsp;</span>
<span class="cline-any cline-neutral">&nbsp;</span>
<span class="cline-any cline-neutral">&nbsp;</span>
<span class="cline-any cline-neutral">&nbsp;</span>
<span class="cline-any cline-neutral">&nbsp;</span>
<span class="cline-any cline-neutral">&nbsp;</span>
<span class="cline-any cline-neutral">&nbsp;</span>
<span class="cline-any cline-neutral">&nbsp;</span>
<span class="cline-any cline-neutral">&nbsp;</span>
<span class="cline-any cline-neutral">&nbsp;</span>
<span class="cline-any cline-neutral">&nbsp;</span>
<span class="cline-any cline-neutral">&nbsp;</span>
<span class="cline-any cline-neutral">&nbsp;</span>
<span class="cline-any cline-neutral">&nbsp;</span>
<span class="cline-any cline-neutral">&nbsp;</span>
<span class="cline-any cline-neutral">&nbsp;</span>
<span class="cline-any cline-neutral">&nbsp;</span>
<span class="cline-any cline-neutral">&nbsp;</span>
<span class="cline-any cline-neutral">&nbsp;</span></td><td class="text"><pre class="prettyprint lang-js">// Jest Snapshot v1, https://goo.gl/fbAQLP
&nbsp;
<span class="cstat-no" title="statement not covered" >exports[`ViewExternal renders correctly 1`] = `</span>
&lt;span&gt;
  View on 
  GitHub
    
  &lt;svg
    aria-hidden="true"
    className="svg-inline--fa fa-external-link-alt fa-w-16 "
    data-icon="external-link-alt"
    data-prefix="fas"
    focusable="false"
    role="img"
    style={Object {}}
    viewBox="0 0 512 512"
    xmlns="http://www.w3.org/2000/svg"
  &gt;
    &lt;path
      d="M432,320H400a16,16,0,0,0-16,16V448H64V128H208a16,16,0,0,0,16-16V80a16,16,0,0,0-16-16H48A48,48,0,0,0,0,112V464a48,48,0,0,0,48,48H400a48,48,0,0,0,48-48V336A16,16,0,0,0,432,320ZM488,0h-128c-21.37,0-32.05,25.91-17,41l35.73,35.73L135,320.37a24,24,0,0,0,0,34L157.67,377a24,24,0,0,0,34,0L435.28,133.32,471,169c15,15,41,4.5,41-17V24A24,24,0,0,0,488,0Z"
      fill="currentColor"
      style={Object {}}
    /&gt;
  &lt;/svg&gt;
&lt;/span&gt;
`;
&nbsp;</pre></td></tr></table></pre>

                <div class='push'></div><!-- for sticky footer -->
            </div><!-- /wrapper -->
            <div class='footer quiet pad2 space-top1 center small'>
                Code coverage generated by
                <a href="https://istanbul.js.org/" target="_blank">istanbul</a>
                at Fri Jun 05 2020 20:35:13 GMT-0700 (Pacific Daylight Time)
            </div>
        </div>
        <script src="../../../prettify.js"></script>
        <script>
            window.onload = function () {
                prettyPrint();
            };
        </script>
        <script src="../../../sorter.js"></script>
        <script src="../../../block-navigation.js"></script>
    </body>
</html>
    