// Jest Snapshot v1, https://goo.gl/fbAQLP

exports[`Footer/Navigation matches the snapshot 1`] = `
<a
  className="css-1ay9vb9"
  href="/about"
  title="About Me"
>
  About Me
</a>
`;
