// Jest Snapshot v1, https://goo.gl/fbAQLP

exports[`YouTube Shortcode matches the snapshot 1`] = `
<div
  className="VideoWrapper css-0"
>
  <iframe
    allow="accelerometer; autoplay; encrypted-media; gyroscope; picture-in-picture"
    allowFullScreen={true}
    frameBorder="0"
    height="315"
    src="https://www.youtube-nocookie.com/embed/XJashBvI17A"
    title="Here, There And Everywhere (Piano Cover) by Chris Vogt"
    width="560"
  />
</div>
`;
