
<!doctype html>
<html lang="en">

<head>
    <title>Code coverage report for components/widgets/goodreads/__snapshots__/book-link.spec.js.snap</title>
    <meta charset="utf-8" />
    <link rel="stylesheet" href="../../../../prettify.css" />
    <link rel="stylesheet" href="../../../../base.css" />
    <link rel="shortcut icon" type="image/x-icon" href="../../../../favicon.png" />
    <meta name="viewport" content="width=device-width, initial-scale=1" />
    <style type='text/css'>
        .coverage-summary .sorter {
            background-image: url(../../../../sort-arrow-sprite.png);
        }
    </style>
</head>
    
<body>
<div class='wrapper'>
    <div class='pad1'>
        <h1><a href="../../../../index.html">All files</a> / <a href="index.html">components/widgets/goodreads/__snapshots__</a> book-link.spec.js.snap</h1>
        <div class='clearfix'>
            
            <div class='fl pad1y space-right2'>
                <span class="strong">0% </span>
                <span class="quiet">Statements</span>
                <span class='fraction'>0/1</span>
            </div>
        
            
            <div class='fl pad1y space-right2'>
                <span class="strong">100% </span>
                <span class="quiet">Branches</span>
                <span class='fraction'>0/0</span>
            </div>
        
            
            <div class='fl pad1y space-right2'>
                <span class="strong">100% </span>
                <span class="quiet">Functions</span>
                <span class='fraction'>0/0</span>
            </div>
        
            
            <div class='fl pad1y space-right2'>
                <span class="strong">0% </span>
                <span class="quiet">Lines</span>
                <span class='fraction'>0/1</span>
            </div>
        
            
        </div>
        <p class="quiet">
            Press <em>n</em> or <em>j</em> to go to the next uncovered block, <em>b</em>, <em>p</em> or <em>k</em> for the previous block.
        </p>
    </div>
    <div class='status-line low'></div>
    <pre><table class="coverage">
<tr><td class="line-count quiet"><a name='L1'></a><a href='#L1'>1</a>
<a name='L2'></a><a href='#L2'>2</a>
<a name='L3'></a><a href='#L3'>3</a>
<a name='L4'></a><a href='#L4'>4</a>
<a name='L5'></a><a href='#L5'>5</a>
<a name='L6'></a><a href='#L6'>6</a>
<a name='L7'></a><a href='#L7'>7</a>
<a name='L8'></a><a href='#L8'>8</a>
<a name='L9'></a><a href='#L9'>9</a>
<a name='L10'></a><a href='#L10'>10</a>
<a name='L11'></a><a href='#L11'>11</a>
<a name='L12'></a><a href='#L12'>12</a>
<a name='L13'></a><a href='#L13'>13</a>
<a name='L14'></a><a href='#L14'>14</a>
<a name='L15'></a><a href='#L15'>15</a>
<a name='L16'></a><a href='#L16'>16</a>
<a name='L17'></a><a href='#L17'>17</a>
<a name='L18'></a><a href='#L18'>18</a>
<a name='L19'></a><a href='#L19'>19</a>
<a name='L20'></a><a href='#L20'>20</a>
<a name='L21'></a><a href='#L21'>21</a>
<a name='L22'></a><a href='#L22'>22</a>
<a name='L23'></a><a href='#L23'>23</a>
<a name='L24'></a><a href='#L24'>24</a>
<a name='L25'></a><a href='#L25'>25</a>
<a name='L26'></a><a href='#L26'>26</a>
<a name='L27'></a><a href='#L27'>27</a>
<a name='L28'></a><a href='#L28'>28</a>
<a name='L29'></a><a href='#L29'>29</a>
<a name='L30'></a><a href='#L30'>30</a>
<a name='L31'></a><a href='#L31'>31</a>
<a name='L32'></a><a href='#L32'>32</a>
<a name='L33'></a><a href='#L33'>33</a>
<a name='L34'></a><a href='#L34'>34</a>
<a name='L35'></a><a href='#L35'>35</a>
<a name='L36'></a><a href='#L36'>36</a>
<a name='L37'></a><a href='#L37'>37</a>
<a name='L38'></a><a href='#L38'>38</a>
<a name='L39'></a><a href='#L39'>39</a>
<a name='L40'></a><a href='#L40'>40</a>
<a name='L41'></a><a href='#L41'>41</a>
<a name='L42'></a><a href='#L42'>42</a>
<a name='L43'></a><a href='#L43'>43</a>
<a name='L44'></a><a href='#L44'>44</a>
<a name='L45'></a><a href='#L45'>45</a>
<a name='L46'></a><a href='#L46'>46</a>
<a name='L47'></a><a href='#L47'>47</a>
<a name='L48'></a><a href='#L48'>48</a>
<a name='L49'></a><a href='#L49'>49</a>
<a name='L50'></a><a href='#L50'>50</a>
<a name='L51'></a><a href='#L51'>51</a>
<a name='L52'></a><a href='#L52'>52</a>
<a name='L53'></a><a href='#L53'>53</a>
<a name='L54'></a><a href='#L54'>54</a>
<a name='L55'></a><a href='#L55'>55</a>
<a name='L56'></a><a href='#L56'>56</a>
<a name='L57'></a><a href='#L57'>57</a>
<a name='L58'></a><a href='#L58'>58</a>
<a name='L59'></a><a href='#L59'>59</a>
<a name='L60'></a><a href='#L60'>60</a>
<a name='L61'></a><a href='#L61'>61</a>
<a name='L62'></a><a href='#L62'>62</a>
<a name='L63'></a><a href='#L63'>63</a>
<a name='L64'></a><a href='#L64'>64</a>
<a name='L65'></a><a href='#L65'>65</a>
<a name='L66'></a><a href='#L66'>66</a>
<a name='L67'></a><a href='#L67'>67</a>
<a name='L68'></a><a href='#L68'>68</a>
<a name='L69'></a><a href='#L69'>69</a>
<a name='L70'></a><a href='#L70'>70</a>
<a name='L71'></a><a href='#L71'>71</a>
<a name='L72'></a><a href='#L72'>72</a>
<a name='L73'></a><a href='#L73'>73</a>
<a name='L74'></a><a href='#L74'>74</a>
<a name='L75'></a><a href='#L75'>75</a>
<a name='L76'></a><a href='#L76'>76</a>
<a name='L77'></a><a href='#L77'>77</a>
<a name='L78'></a><a href='#L78'>78</a>
<a name='L79'></a><a href='#L79'>79</a>
<a name='L80'></a><a href='#L80'>80</a>
<a name='L81'></a><a href='#L81'>81</a>
<a name='L82'></a><a href='#L82'>82</a></td><td class="line-coverage quiet"><span class="cline-any cline-neutral">&nbsp;</span>
<span class="cline-any cline-neutral">&nbsp;</span>
<span class="cline-any cline-no">&nbsp;</span>
<span class="cline-any cline-neutral">&nbsp;</span>
<span class="cline-any cline-neutral">&nbsp;</span>
<span class="cline-any cline-neutral">&nbsp;</span>
<span class="cline-any cline-neutral">&nbsp;</span>
<span class="cline-any cline-neutral">&nbsp;</span>
<span class="cline-any cline-neutral">&nbsp;</span>
<span class="cline-any cline-neutral">&nbsp;</span>
<span class="cline-any cline-neutral">&nbsp;</span>
<span class="cline-any cline-neutral">&nbsp;</span>
<span class="cline-any cline-neutral">&nbsp;</span>
<span class="cline-any cline-neutral">&nbsp;</span>
<span class="cline-any cline-neutral">&nbsp;</span>
<span class="cline-any cline-neutral">&nbsp;</span>
<span class="cline-any cline-neutral">&nbsp;</span>
<span class="cline-any cline-neutral">&nbsp;</span>
<span class="cline-any cline-neutral">&nbsp;</span>
<span class="cline-any cline-neutral">&nbsp;</span>
<span class="cline-any cline-neutral">&nbsp;</span>
<span class="cline-any cline-neutral">&nbsp;</span>
<span class="cline-any cline-neutral">&nbsp;</span>
<span class="cline-any cline-neutral">&nbsp;</span>
<span class="cline-any cline-neutral">&nbsp;</span>
<span class="cline-any cline-neutral">&nbsp;</span>
<span class="cline-any cline-neutral">&nbsp;</span>
<span class="cline-any cline-neutral">&nbsp;</span>
<span class="cline-any cline-neutral">&nbsp;</span>
<span class="cline-any cline-neutral">&nbsp;</span>
<span class="cline-any cline-neutral">&nbsp;</span>
<span class="cline-any cline-neutral">&nbsp;</span>
<span class="cline-any cline-neutral">&nbsp;</span>
<span class="cline-any cline-neutral">&nbsp;</span>
<span class="cline-any cline-neutral">&nbsp;</span>
<span class="cline-any cline-neutral">&nbsp;</span>
<span class="cline-any cline-neutral">&nbsp;</span>
<span class="cline-any cline-neutral">&nbsp;</span>
<span class="cline-any cline-neutral">&nbsp;</span>
<span class="cline-any cline-neutral">&nbsp;</span>
<span class="cline-any cline-neutral">&nbsp;</span>
<span class="cline-any cline-neutral">&nbsp;</span>
<span class="cline-any cline-neutral">&nbsp;</span>
<span class="cline-any cline-neutral">&nbsp;</span>
<span class="cline-any cline-neutral">&nbsp;</span>
<span class="cline-any cline-neutral">&nbsp;</span>
<span class="cline-any cline-neutral">&nbsp;</span>
<span class="cline-any cline-neutral">&nbsp;</span>
<span class="cline-any cline-neutral">&nbsp;</span>
<span class="cline-any cline-neutral">&nbsp;</span>
<span class="cline-any cline-neutral">&nbsp;</span>
<span class="cline-any cline-neutral">&nbsp;</span>
<span class="cline-any cline-neutral">&nbsp;</span>
<span class="cline-any cline-neutral">&nbsp;</span>
<span class="cline-any cline-neutral">&nbsp;</span>
<span class="cline-any cline-neutral">&nbsp;</span>
<span class="cline-any cline-neutral">&nbsp;</span>
<span class="cline-any cline-neutral">&nbsp;</span>
<span class="cline-any cline-neutral">&nbsp;</span>
<span class="cline-any cline-neutral">&nbsp;</span>
<span class="cline-any cline-neutral">&nbsp;</span>
<span class="cline-any cline-neutral">&nbsp;</span>
<span class="cline-any cline-neutral">&nbsp;</span>
<span class="cline-any cline-neutral">&nbsp;</span>
<span class="cline-any cline-neutral">&nbsp;</span>
<span class="cline-any cline-neutral">&nbsp;</span>
<span class="cline-any cline-neutral">&nbsp;</span>
<span class="cline-any cline-neutral">&nbsp;</span>
<span class="cline-any cline-neutral">&nbsp;</span>
<span class="cline-any cline-neutral">&nbsp;</span>
<span class="cline-any cline-neutral">&nbsp;</span>
<span class="cline-any cline-neutral">&nbsp;</span>
<span class="cline-any cline-neutral">&nbsp;</span>
<span class="cline-any cline-neutral">&nbsp;</span>
<span class="cline-any cline-neutral">&nbsp;</span>
<span class="cline-any cline-neutral">&nbsp;</span>
<span class="cline-any cline-neutral">&nbsp;</span>
<span class="cline-any cline-neutral">&nbsp;</span>
<span class="cline-any cline-neutral">&nbsp;</span>
<span class="cline-any cline-neutral">&nbsp;</span>
<span class="cline-any cline-neutral">&nbsp;</span>
<span class="cline-any cline-neutral">&nbsp;</span></td><td class="text"><pre class="prettyprint lang-js">// Jest Snapshot v1, https://goo.gl/fbAQLP
&nbsp;
<span class="cstat-no" title="statement not covered" >exports[`BookLink renders correctly 1`] = `</span>
&lt;a
  className="css-0"
  href="https://www.google.com/books/edition/_/ZrNzAwAAQBAJ?hl=en"
  title="The Three-Body Problem"
&gt;
  &lt;svg
    className="css-17ragm3-Component"
    data-name="Book Preview"
    viewBox="0 0 100 100"
    xmlns="http://www.w3.org/2000/svg"
    xmlnsXlink="http://www.w3.org/1999/xlink"
  &gt;
    &lt;defs&gt;
      &lt;clipPath
        id="ec3c1a72-0104-4d8a-830f-57d2245cb2f4"
      &gt;
        &lt;polyline
          data-name="Book Cover"
          fill="none"
          points="78.6 38.6 78.6 88.3 14.9 88.3 14.9 0 78.6 0 78.6 43.6"
        /&gt;
      &lt;/clipPath&gt;
    &lt;/defs&gt;
    &lt;title&gt;
      The Three-Body Problem on Google Books
    &lt;/title&gt;
    &lt;g
      data-name="Book Sheets"
      fill="#1a202c"
      id="bc5c39bc-971a-4562-b8d4-0c72a22c3f5f"
    &gt;
      &lt;path
        d="M78.6,90.9H12.3V0H78.6ZM14.9,88.3H76V2.6H14.9Z"
      /&gt;
      &lt;rect
        height="46.2"
        width="2.61"
        x="85.1"
        y="9.1"
      /&gt;
      &lt;polygon
        points="87.7 100 20.83 100 12.35 90.89 14.25 89.11 21.97 97.4 85.1 97.4 85.1 49 87.7 49 87.7 100"
      /&gt;
      &lt;polygon
        points="80.06 92.36 18.8 92.36 18.8 92.04 79.74 92.04 79.74 3.4 80.06 3.4 80.06 92.36"
      /&gt;
      &lt;polygon
        points="81.36 93.66 20.1 93.66 20.1 93.34 81.04 93.34 81.04 4.7 81.36 4.7 81.36 93.66"
      /&gt;
      &lt;polygon
        points="82.66 94.96 21.4 94.96 21.4 94.64 82.34 94.64 82.34 6 82.66 6 82.66 94.96"
      /&gt;
      &lt;polygon
        points="83.96 96.26 22.7 96.26 22.7 95.94 83.64 95.94 83.64 7.3 83.96 7.3 83.96 96.26"
      /&gt;
    &lt;/g&gt;
    &lt;polyline
      data-name="Image Wrapper"
      fill="#1a202c"
      points="77.3 39.9 77.3 89.6 13.6 89.6 13.6 1.3 77.3 1.3 77.3 44.9"
    /&gt;
    &lt;g
      style={
        Object {
          "clipPath": "url(#ec3c1a72-0104-4d8a-830f-57d2245cb2f4)",
        }
      }
    &gt;
      &lt;image
        height="190"
        transform="translate(14.53 -3.68) scale(0.5)"
        width="128"
        xlinkHref="https://placehold.it/400/400"
      /&gt;
    &lt;/g&gt;
  &lt;/svg&gt;
&lt;/a&gt;
`;
&nbsp;</pre></td></tr></table></pre>

                <div class='push'></div><!-- for sticky footer -->
            </div><!-- /wrapper -->
            <div class='footer quiet pad2 space-top1 center small'>
                Code coverage generated by
                <a href="https://istanbul.js.org/" target="_blank">istanbul</a>
                at Fri Jun 05 2020 20:35:13 GMT-0700 (Pacific Daylight Time)
            </div>
        </div>
        <script src="../../../../prettify.js"></script>
        <script>
            window.onload = function () {
                prettyPrint();
            };
        </script>
        <script src="../../../../sorter.js"></script>
        <script src="../../../../block-navigation.js"></script>
    </body>
</html>
    