// Jest Snapshot v1, https://goo.gl/fbAQLP

exports[`PageHeader matches snapshot 1`] = `
<h1
  className="p-name css-1sus4jf"
>
  Hello, World!
</h1>
`;
