// Jest Snapshot v1, https://goo.gl/fbAQLP

exports[`Instagram Widget matches the loading state snapshot 1`] = `
<div
  className="css-12h1dx4-Widget"
  id="instagram"
>
  <header
    className="css-9v09o4-WidgetHeader"
  >
    <h2
      className="css-17p01r8"
    >
      Instagram
    </h2>
    <div
      className="css-1i3svai-WidgetHeader"
    >
      <svg
        className="svg-loaders-svg css-zmfjn6-CallToAction"
        fill="#1E90FF"
        height="24"
        viewBox="0 0 135 140"
        width="24"
      >
        <rect
          height={120}
          rx={6}
          width={15}
          y={10}
        >
          <animate
            attributeName="height"
            begin="0.5s"
            calcMode="linear"
            dur="1s"
            repeatCount="indefinite"
            values="120;110;100;90;80;70;60;50;40;140;120"
          />
          <animate
            attributeName="y"
            begin="0.5s"
            calcMode="linear"
            dur="1s"
            repeatCount="indefinite"
            values="10;15;20;25;30;35;40;45;50;0;10"
          />
        </rect>
        <rect
          height={120}
          rx={6}
          width={15}
          x={30}
          y={10}
        >
          <animate
            attributeName="height"
            begin="0.25s"
            calcMode="linear"
            dur="1s"
            repeatCount="indefinite"
            values="120;110;100;90;80;70;60;50;40;140;120"
          />
          <animate
            attributeName="y"
            begin="0.25s"
            calcMode="linear"
            dur="1s"
            repeatCount="indefinite"
            values="10;15;20;25;30;35;40;45;50;0;10"
          />
        </rect>
        <rect
          height={140}
          rx={6}
          width={15}
          x={60}
        >
          <animate
            attributeName="height"
            begin="0s"
            calcMode="linear"
            dur="1s"
            repeatCount="indefinite"
            values="120;110;100;90;80;70;60;50;40;140;120"
          />
          <animate
            attributeName="y"
            begin="0s"
            calcMode="linear"
            dur="1s"
            repeatCount="indefinite"
            values="10;15;20;25;30;35;40;45;50;0;10"
          />
        </rect>
        <rect
          height={120}
          rx={6}
          width={15}
          x={90}
          y={10}
        >
          <animate
            attributeName="height"
            begin="0.25s"
            calcMode="linear"
            dur="1s"
            repeatCount="indefinite"
            values="120;110;100;90;80;70;60;50;40;140;120"
          />
          <animate
            attributeName="y"
            begin="0.25s"
            calcMode="linear"
            dur="1s"
            repeatCount="indefinite"
            values="10;15;20;25;30;35;40;45;50;0;10"
          />
        </rect>
        <rect
          height={120}
          rx={6}
          width={15}
          x={120}
          y={10}
        >
          <animate
            attributeName="height"
            begin="0.5s"
            calcMode="linear"
            dur="1s"
            repeatCount="indefinite"
            values="120;110;100;90;80;70;60;50;40;140;120"
          />
          <animate
            attributeName="y"
            begin="0.5s"
            calcMode="linear"
            dur="1s"
            repeatCount="indefinite"
            values="10;15;20;25;30;35;40;45;50;0;10"
          />
        </rect>
      </svg>
    </div>
  </header>
  <div
    className="css-o0oe1r-ProfileMetricsBadge"
  >
    <div
      className="css-1stqq2l"
    >
       
    </div>
    <div
      className="css-zixz0n"
    >
       
    </div>
  </div>
  <div
    className="gallery"
  >
    <div
      className="css-1rcvf8r"
    >
      <div
        className="image-placeholder show-loading-animation"
      >
        <div
          className="rect-shape css-13iby3u"
          style={
            Object {
              "backgroundColor": "#efefef",
              "height": "100%",
              "marginRight": 10,
              "width": "100%",
            }
          }
        />
      </div>
      <div
        className="image-placeholder show-loading-animation"
      >
        <div
          className="rect-shape css-13iby3u"
          style={
            Object {
              "backgroundColor": "#efefef",
              "height": "100%",
              "marginRight": 10,
              "width": "100%",
            }
          }
        />
      </div>
      <div
        className="image-placeholder show-loading-animation"
      >
        <div
          className="rect-shape css-13iby3u"
          style={
            Object {
              "backgroundColor": "#efefef",
              "height": "100%",
              "marginRight": 10,
              "width": "100%",
            }
          }
        />
      </div>
      <div
        className="image-placeholder show-loading-animation"
      >
        <div
          className="rect-shape css-13iby3u"
          style={
            Object {
              "backgroundColor": "#efefef",
              "height": "100%",
              "marginRight": 10,
              "width": "100%",
            }
          }
        />
      </div>
      <div
        className="image-placeholder show-loading-animation"
      >
        <div
          className="rect-shape css-13iby3u"
          style={
            Object {
              "backgroundColor": "#efefef",
              "height": "100%",
              "marginRight": 10,
              "width": "100%",
            }
          }
        />
      </div>
      <div
        className="image-placeholder show-loading-animation"
      >
        <div
          className="rect-shape css-13iby3u"
          style={
            Object {
              "backgroundColor": "#efefef",
              "height": "100%",
              "marginRight": 10,
              "width": "100%",
            }
          }
        />
      </div>
      <div
        className="image-placeholder show-loading-animation"
      >
        <div
          className="rect-shape css-13iby3u"
          style={
            Object {
              "backgroundColor": "#efefef",
              "height": "100%",
              "marginRight": 10,
              "width": "100%",
            }
          }
        />
      </div>
      <div
        className="image-placeholder show-loading-animation"
      >
        <div
          className="rect-shape css-13iby3u"
          style={
            Object {
              "backgroundColor": "#efefef",
              "height": "100%",
              "marginRight": 10,
              "width": "100%",
            }
          }
        />
      </div>
    </div>
  </div>
</div>
`;
