// Jest Snapshot v1, https://goo.gl/fbAQLP

exports[`CallToAction matches the snapshot 1`] = `
<a
  className="css-1h8xfji-CallToAction"
  title="Example Widget Title"
>
  Test
</a>
`;
