// Jest Snapshot v1, https://goo.gl/fbAQLP

exports[`CardFooter matches the snapshot 1`] = `
<div
  className="css-1nldqfs-CardFooter"
>
  Test
</div>
`;
