// Jest Snapshot v1, https://goo.gl/fbAQLP

exports[`MetricCard matches the snapshot 1`] = `
<div
  className="css-1yz7e9k"
>
  <span>
    Fake Value
  </span>
  Fake Metric
</div>
`;
