// Jest Snapshot v1, https://goo.gl/fbAQLP

exports[`Widget matches the snapshot 1`] = `
<section
  className="css-4jhz55-Widget"
>
  Test
</section>
`;
