// Jest Snapshot v1, https://jestjs.io/docs/snapshot-testing

exports[`OwnedGamesTable renders correctly with sample data 1`] = `
<table
  className="css-zezy6m"
>
  <thead>
    <tr>
      <th>
        Game
      </th>
      <th>
        Total Play Time
      </th>
      <th>
        Recent Play Time
      </th>
    </tr>
  </thead>
  <tbody>
    <tr>
      <td>
        <div
          className="css-b0fne7"
        >
          <img
            alt="Cities: Skylines icon"
            className="css-sfnjuk"
            src="https://example.com/cities-icon.jpg"
          />
          <a
            className="css-1mawu4u"
            href="https://store.steampowered.com/app/255710"
            rel="noopener noreferrer"
          >
            Cities: Skylines
          </a>
        </div>
      </td>
      <td>
        757 hours
      </td>
      <td>
        2 hours
      </td>
    </tr>
    <tr>
      <td>
        <div
          className="css-b0fne7"
        >
          <img
            alt="ARK: Survival Evolved icon"
            className="css-sfnjuk"
            src="https://example.com/ark-icon.jpg"
          />
          <a
            className="css-1mawu4u"
            href="https://store.steampowered.com/app/346110"
            rel="noopener noreferrer"
          >
            ARK: Survival Evolved
          </a>
        </div>
      </td>
      <td>
        278 hours
      </td>
      <td>
        <span
          className="css-1nxn0wh"
        >
          â€“
        </span>
      </td>
    </tr>
  </tbody>
</table>
`;

exports[`OwnedGamesTable renders empty state when games is null 1`] = `
<p
  className="css-1mkkd6c"
>
  No owned games found.
</p>
`;

exports[`OwnedGamesTable renders empty state when no games provided 1`] = `
<p
  className="css-1mkkd6c"
>
  No owned games found.
</p>
`;

exports[`TimeSpent renders humanized time correctly 1`] = `"0 hours"`;
