// Jest Snapshot v1, https://goo.gl/fbAQLP

exports[`Tooltip matches the snapshot 1`] = `
<span>
  Trigger element
</span>
`;
