// Jest Snapshot v1, https://goo.gl/fbAQLP

exports[`TopNavigation matches the snapshot 1`] = `
<div
  className="css-zwfbmq-TopNavigation"
>
  <div
    className="css-sl4bvk-TopNavigation"
  >
    <div
      className="css-fjtwc7-TopNavigation"
    >
      <a
        aria-current="page"
        className="css-tmfr8g-TopNavigation"
        href="/"
        onClick={[Function]}
        onMouseEnter={[Function]}
        style={Object {}}
      >
        My Personal Blog & Portfolio
      </a>
      <a
        className="css-5hi8j7-TopNavigation"
        href="/about-me"
        onClick={[Function]}
        onMouseEnter={[Function]}
        title="About Me"
      >
        About Me
      </a>
    </div>
    <button
      aria-hidden="true"
      className={null}
      onClick={[Function]}
      style={
        Object {
          "MozAppearance": "none",
          "WebkitAppearance": "none",
          "appearance": "none",
          "backgroundColor": "transparent",
          "border": "none",
          "cursor": "pointer",
          "height": "37.599999999999994px",
          "overflow": "hidden",
          "padding": 0,
          "width": "80px",
        }
      }
    >
      <div
        style={
          Object {
            "alignItems": "center",
            "display": "flex",
            "height": "132px",
            "justifyContent": "center",
            "marginLeft": "-25.6px",
            "marginTop": "-46px",
            "width": "132px",
          }
        }
      >
        <div />
      </div>
    </button>
  </div>
</div>
`;
